******************************************************************************
                  TI ARM Linker PC v20.2.7                     
******************************************************************************
>> Linked Sun May 21 23:09:49 2023

OUTPUT FILE NAME:   <gpiointerrupt_CC3220S_LAUNCHXL_nortos_ccs.out>
ENTRY POINT SYMBOL: "resetISR"  address: 2000ed69


MEMORY CONFIGURATION

         name            origin    length      used     unused   attr    fill
----------------------  --------  ---------  --------  --------  ----  --------
  SRAM2                 20000000   00004000  0000130c  00002cf4  RW X
  SRAM                  20004000   0003c000  0000bc46  000303ba  RW X
  LOG_DATA              90000000   00040000  00000000  00040000  R   


SEGMENT ALLOCATION MAP

run origin  load origin   length   init length attrs members
----------  ----------- ---------- ----------- ----- -------
20003000    20003000    00001000   00000000    rw-
  20003000    20003000    00001000   00000000    rw- .stack
20004000    20004000    00000040   00000040    r--
  20004000    20004000    00000040   00000040    r-- .resetVecs
20004040    20004040    00008000   00000000    rw-
  20004040    20004040    00008000   00000000    rw- .sysmem
2000c040    2000c040    00003022   00003022    r-x
  2000c040    2000c040    00003022   00003022    r-x .text
2000f064    2000f064    000005de   00000000    rw-
  2000f064    2000f064    000005de   00000000    rw- .data
2000f644    2000f644    00000312   00000312    r--
  2000f644    2000f644    00000312   00000312    r-- .const
2000f958    2000f958    000001f4   00000000    rw-
  2000f958    2000f958    000001f4   00000000    rw- .bss
2000fb50    2000fb50    00000100   00000100    r--
  2000fb50    2000fb50    00000100   00000100    r-- .cinit


SECTION ALLOCATION MAP

 output                                  attributes/
section   page    origin      length       input sections
--------  ----  ----------  ----------   ----------------
.text      0    2000c040    00003022     
                  2000c040    0000042c     driverlib.a : prcm.obj (.text:PRCMCC3200MCUInit)
                  2000c46c    000001e4     drivers_cc32xx.a : GPIOCC32XX.oem4 (.text:GPIO_setConfig)
                  2000c650    0000019c     nortos_cc32xx.a : PowerCC32XX_nortos.oem4 (.text:PowerCC32XX_sleepPolicy)
                  2000c7ec    0000019c     gpiointerrupt.obj (.text:signal_message)
                  2000c988    0000018e     gpiointerrupt.obj (.text:get_morse)
                  2000cb16    00000002     ti_drivers_config.obj (.text:Board_initHook)
                  2000cb18    00000148     drivers_cc32xx.a : PowerCC32XX.oem4 (.text:parkPins)
                  2000cc60    00000138                      : PowerCC32XX.oem4 (.text:Power_sleep)
                  2000cd98    00000128                      : TimerCC32XX.oem4 (.text:TimerCC32XX_open)
                  2000cec0    00000100     rtsv7M4_T_le_eabi.lib : memory.c.obj (.text:aligned_alloc)
                  2000cfc0    000000e4                           : memory.c.obj (.text:free)
                  2000d0a4    000000c4     drivers_cc32xx.a : GPIOCC32XX.oem4 (.text:GPIO_init)
                  2000d168    000000c0                      : PowerCC32XX.oem4 (.text:restoreParkedPins)
                  2000d228    000000a8     driverlib.a : interrupt.obj (.text:IntEnable)
                  2000d2d0    000000a8     drivers_cc32xx.a : PowerCC32XX.oem4 (.text:PowerCC32XX_configureWakeup)
                  2000d378    000000a0     nortos_cc32xx.a : SemaphoreP_nortos.oem4 (.text:SemaphoreP_pend)
                  2000d418    0000009c     rtsv7M4_T_le_eabi.lib : memcpy_t2.asm.obj (.text)
                  2000d4b4    00000098     drivers_cc32xx.a : GPIOCC32XX.oem4 (.text:powerNotifyFxn)
                  2000d54c    00000096     rtsv7M4_T_le_eabi.lib : ull_div_t2.asm.obj (.text)
                  2000d5e2    00000002     nortos_cc32xx.a : PowerCC32XX_nortos.oem4 (.text:PowerCC32XX_initPolicy)
                  2000d5e4    00000090     drivers_cc32xx.a : PowerCC32XX.oem4 (.text:restoreNVICRegs)
                  2000d674    0000008c     nortos_cc32xx.a : HwiPCC32XX_nortos.oem4 (.text:HwiP_construct)
                  2000d700    00000088     driverlib.a : interrupt.obj (.text:IntPendSet)
                  2000d788    00000088                 : pin.obj (.text:PinConfigSet)
                  2000d810    00000088     drivers_cc32xx.a : TimerCC32XX.oem4 (.text:TimerCC32XX_setPeriod)
                  2000d898    00000084                      : PowerCC32XX.oem4 (.text:Power_init)
                  2000d91c    00000084                      : PowerCC32XX.oem4 (.text:saveNVICRegs)
                  2000d9a0    00000080                      : PowerCC32XX.oem4 (.text:Power_setDependency)
                  2000da20    00000080     gpiointerrupt.obj (.text:mainThread)
                  2000daa0    00000078     drivers_cc32xx.a : GPIOCC32XX.oem4 (.text:GPIO_hwiIntFxn)
                  2000db18    00000078                      : TimerCC32XX.oem4 (.text:TimerCC32XX_start)
                  2000db90    00000070     rtsv7M4_T_le_eabi.lib : memory.c.obj (.text:split)
                  2000dc00    00000068                           : copy_decompress_lzss.c.obj (.text:decompress:lzss:__TI_decompress_lzss)
                  2000dc68    00000064     drivers_cc32xx.a : PowerCC32XX.oem4 (.text:PowerCC32XX_setParkState)
                  2000dccc    00000060     driverlib.a : prcm.obj (.text:PRCMSysResetCauseGet)
                  2000dd2c    00000060     gpiointerrupt.obj (.text:configure_board)
                  2000dd8c    0000005c     drivers_cc32xx.a : GPIOCC32XX.oem4 (.text:GPIO_setCallback)
                  2000dde8    0000005c     nortos_cc32xx.a : ClockPSysTick_nortos.oem4 (.text:sysTickInit)
                  2000de44    00000058     drivers_cc32xx.a : GPIOCC32XX.oem4 (.text:GPIO_write)
                  2000de9c    00000058     driverlib.a : prcm.obj (.text:PRCMPeripheralReset)
                  2000def4    00000058     drivers_cc32xx.a : PowerCC32XX.oem4 (.text:Power_releaseDependency)
                  2000df4c    00000056                      : TimerCC32XX.oem4 (.text:TimerCC32XX_stop)
                  2000dfa2    00000052                      : PowerCC32XX_asm.oem4 (.text:PowerCC32XX_resumeLPDS)
                  2000dff4    00000052                      : TimerCC32XX.oem4 (.text:initHw)
                  2000e046    00000002                      : TimerCC32XX.oem4 (.text:TimerCC32XX_init)
                  2000e048    00000050     nortos_cc32xx.a : ClockPSysTick_nortos.oem4 (.text:ClockP_sysTickHandler)
                  2000e098    00000050                     : SemaphoreP_nortos.oem4 (.text:SemaphoreP_construct)
                  2000e0e8    00000050     drivers_cc32xx.a : TimerCC32XX.oem4 (.text:TimerCC32XX_allocateTimerResource)
                  2000e138    00000050     gpiointerrupt.obj (.text:initTimer)
                  2000e188    0000004c     drivers_cc32xx.a : GPIOCC32XX.oem4 (.text:GPIO_enableInt)
                  2000e1d4    0000004c                      : PowerCC32XX.oem4 (.text:PowerCC32XX_parkPin)
                  2000e220    0000004c                      : PowerCC32XX.oem4 (.text:restorePeriphClocks)
                  2000e26c    00000048     driverlib.a : flash.obj (.text:FlashDisable)
                  2000e2b4    00000048                 : prcm.obj (.text:PRCMLPDSEnter)
                  2000e2fc    00000048                 : prcm.obj (.text:PRCMPeripheralClkEnable)
                  2000e344    00000048     drivers_cc32xx.a : PowerCC32XX.oem4 (.text:Power_releaseConstraint)
                  2000e38c    00000046                      : TimerCC32XX.oem4 (.text:getPrescaler)
                  2000e3d2    00000002     rtsv7M4_T_le_eabi.lib : _lock.c.obj (.text:_nop)
                  2000e3d4    00000044     nortos_cc32xx.a : ClockPSysTick_nortos.oem4 (.text:ClockP_stop)
                  2000e418    00000044     driverlib.a : prcm.obj (.text:PRCMLPDSRestoreInfoSet)
                  2000e45c    00000044     drivers_cc32xx.a : PowerCC32XX_asm.oem4 (.text:PowerCC32XX_enterLPDS)
                  2000e4a0    00000044     nortos_cc32xx.a : SemaphoreP_nortos.oem4 (.text:SemaphoreP_post)
                  2000e4e4    00000044                     : SwiP_nortos.oem4 (.text:SwiP_restore)
                  2000e528    00000044     drivers_cc32xx.a : Timer.oem4 (.text:Timer_init)
                  2000e56c    00000044     rtsv7M4_T_le_eabi.lib : autoinit.c.obj (.text:__TI_auto_init_nobinit_nopinit:__TI_auto_init_nobinit_nopinit)
                  2000e5b0    00000040     driverlib.a : pin.obj (.text:PinModeSet)
                  2000e5f0    00000040     drivers_cc32xx.a : Timer.oem4 (.text:Timer_open)
                  2000e630    0000003c     nortos_cc32xx.a : ClockPSysTick_nortos.oem4 (.text:ClockP_destruct)
                  2000e66c    0000003c     drivers_cc32xx.a : PowerCC32XX.oem4 (.text:Power_setConstraint)
                  2000e6a8    0000003a                      : TimerCC32XX.oem4 (.text:TimerCC32XX_close)
                  2000e6e2    0000003a     nortos_cc32xx.a : PowerCC32XX_nortos.oem4 (.text:getCountsRTC)
                  2000e71c    00000038     driverlib.a : prcm.obj (.text:PRCMLPDSEnterKeepDebugIf)
                  2000e754    00000038     drivers_cc32xx.a : TimerCC32XX.oem4 (.text:TimerCC32XX_hwiIntFunction)
                  2000e78c    00000038     nortos_cc32xx.a : ClockPSysTick_nortos.oem4 (.text:addToList)
                  2000e7c4    00000038     gpiointerrupt.obj (.text:gpioButtonFxn1)
                  2000e7fc    00000038     nortos_cc32xx.a : startup_cc32xx_ccs.oem4 (.text:initVectors)
                  2000e834    00000038     drivers_cc32xx.a : PowerCC32XX.oem4 (.text:notify)
                  2000e86c    00000038     gpiointerrupt.obj (.text:set_leds)
                  2000e8a4    00000036     driverlib.a : timer.obj (.text:TimerControlStall)
                  2000e8da    00000002     nortos_cc32xx.a : startup_cc32xx_ccs.oem4 (.text:busFaultHandler)
                  2000e8dc    00000034                     : ClockPSysTick_nortos.oem4 (.text:ClockP_getTicksUntilInterrupt)
                  2000e910    00000034                     : ClockPSysTick_nortos.oem4 (.text:ClockP_startup)
                  2000e944    00000034     driverlib.a : pin.obj (.text:PinModeGet)
                  2000e978    00000034     drivers_cc32xx.a : TimerCC32XX.oem4 (.text:TimerCC32XX_freeTimerResource)
                  2000e9ac    00000034                      : TimerCC32XX.oem4 (.text:getPowerMgrId)
                  2000e9e0    00000030     nortos_cc32xx.a : ClockPSysTick_nortos.oem4 (.text:ClockP_start)
                  2000ea10    00000030     drivers_cc32xx.a : PowerCC32XX.oem4 (.text:PowerCC32XX_restoreParkedPin)
                  2000ea40    0000002c     gpiointerrupt.obj (.text:gpioButtonFxn0)
                  2000ea6c    0000002a     nortos_cc32xx.a : HwiPCC32XX_nortos.oem4 (.text:HwiP_create)
                  2000ea96    0000002a     driverlib.a : timer.obj (.text:TimerLoadSet)
                  2000eac0    0000002a                 : timer.obj (.text:TimerPrescaleSet)
                  2000eaea    00000002     nortos_cc32xx.a : SemaphoreP_nortos.oem4 (.text:clkFxn)
                  2000eaec    00000028     driverlib.a : prcm.obj (.text:PRCMPeripheralClkDisable)
                  2000eb14    00000028     drivers_cc32xx.a : PowerCC32XX.oem4 (.text:Power_registerNotify)
                  2000eb3c    00000028     rtsv7M4_T_le_eabi.lib : memory.c.obj (.text:free_list_insert)
                  2000eb64    00000026     drivers_cc32xx.a : List.oem4 (.text:List_put)
                  2000eb8a    00000026                      : List.oem4 (.text:List_remove)
                  2000ebb0    00000024     nortos_cc32xx.a : HwiPCC32XX_nortos.oem4 (.text:HwiP_dispatch)
                  2000ebd4    00000024     rtsv7M4_T_le_eabi.lib : boot_cortex_m.c.obj (.text:_c_int00_noargs:_c_int00_noargs)
                  2000ebf8    00000024     gpiointerrupt.obj (.text:normalize_message_index)
                  2000ec1c    00000024     gpiointerrupt.obj (.text:signal_dot)
                  2000ec40    00000020     nortos_cc32xx.a : HwiPCC32XX_nortos.oem4 (.text:HwiP_destruct)
                  2000ec60    00000020     drivers_cc32xx.a : PowerCC32XX.oem4 (.text:Power_unregisterNotify)
                  2000ec80    0000001e     driverlib.a : timer.obj (.text:TimerDisable)
                  2000ec9e    0000001e                 : timer.obj (.text:TimerEnable)
                  2000ecbc    0000001e     gpiointerrupt.obj (.text:signal_dash)
                  2000ecda    00000002     nortos_cc32xx.a : startup_cc32xx_ccs.oem4 (.text:defaultHandler)
                  2000ecdc    0000001c     driverlib.a : pin.obj (.text:PinToPadGet)
                  2000ecf8    0000001c     nortos_cc32xx.a : SwiP_nortos.oem4 (.text:SwiP_disable)
                  2000ed14    0000001c     rtsv7M4_T_le_eabi.lib : copy_zero_init.c.obj (.text:decompress:ZI:__TI_zero_init_nomemset:__TI_zero_init_nomemset)
                  2000ed30    0000001c                           : memory.c.obj (.text:free_list_remove)
                  2000ed4c    0000001a     nortos_cc32xx.a : SemaphoreP_nortos.oem4 (.text:SemaphoreP_createBinary)
                  2000ed66    00000002                     : startup_cc32xx_ccs.oem4 (.text:faultISR)
                  2000ed68    0000001a                     : startup_cc32xx_ccs.oem4 (.text:resetISR)
                  2000ed82    00000002                     : startup_cc32xx_ccs.oem4 (.text:nmiISR)
                  2000ed84    00000018     drivers_cc32xx.a : PowerCC32XX.oem4 (.text:Power_getTransitionLatency)
                  2000ed9c    00000018                      : PowerCC32XX.oem4 (.text:Power_idleFunc)
                  2000edb4    00000018                      : TimerCC32XX.oem4 (.text:TimerCC32XX_getCount)
                  2000edcc    00000018     driverlib.a : timer.obj (.text:TimerIntDisable)
                  2000ede4    00000018                 : timer.obj (.text:TimerIntEnable)
                  2000edfc    00000018     rtsv7M4_T_le_eabi.lib : ll_mul_t2.asm.obj (.text)
                  2000ee14    00000018     gpiointerrupt.obj (.text:timerCallback)
                  2000ee2c    00000016     driverlib.a : prcm.obj (.text:PRCMHIBRegRead)
                  2000ee42    00000016                 : prcm.obj (.text:PRCMHIBRegWrite)
                  2000ee58    00000016     nortos_cc32xx.a : SemaphoreP_nortos.oem4 (.text:SemaphoreP_create)
                  2000ee6e    00000014     driverlib.a : cpu.obj (.text:CPUcpsid)
                  2000ee82    00000002     rtsv7M4_T_le_eabi.lib : div0.asm.obj (.text)
                  2000ee84    00000014     nortos_cc32xx.a : HwiPCC32XX_nortos.oem4 (.text:HwiP_inISR)
                  2000ee98    00000014     driverlib.a : interrupt.obj (.text:IntVTableBaseSet)
                  2000eeac    00000014     drivers_cc32xx.a : PowerCC32XX.oem4 (.text:Power_disablePolicy)
                  2000eec0    00000014                      : PowerCC32XX.oem4 (.text:Power_getDependencyCount)
                  2000eed4    00000012     nortos_cc32xx.a : HwiPCC32XX_nortos.oem4 (.text:HwiP_Params_init)
                  2000eee6    00000012     driverlib.a : timer.obj (.text:TimerIntClear)
                  2000eef8    00000012     gpiointerrupt.obj (.text:character_pause)
                  2000ef0a    00000012     main_nortos.obj (.text:main)
                  2000ef1c    00000012     gpiointerrupt.obj (.text:word_pause)
                  2000ef2e    00000010     ti_drivers_config.obj (.text:Board_init)
                  2000ef3e    00000010     nortos_cc32xx.a : ClockPSysTick_nortos.oem4 (.text:ClockP_add)
                  2000ef4e    00000002     --HOLE-- [fill = 0]
                  2000ef50    00000010                     : ClockPSysTick_nortos.oem4 (.text:ClockP_getCpuFreq)
                  2000ef60    00000010                     : ClockPSysTick_nortos.oem4 (.text:ClockP_getSystemTicks)
                  2000ef70    00000010                     : ClockPSysTick_nortos.oem4 (.text:ClockP_setTicks)
                  2000ef80    00000010                     : HwiPCC32XX_nortos.oem4 (.text:HwiP_delete)
                  2000ef90    00000010                     : HwiPCC32XX_nortos.oem4 (.text:HwiP_restore)
                  2000efa0    00000010     drivers_cc32xx.a : PowerCC32XX.oem4 (.text:Power_enablePolicy)
                  2000efb0    00000010     nortos_cc32xx.a : SemaphoreP_nortos.oem4 (.text:SemaphoreP_Params_init)
                  2000efc0    00000010     drivers_cc32xx.a : Timer.oem4 (.text:Timer_Params_init)
                  2000efd0    0000000e     nortos_cc32xx.a : HwiPCC32XX_nortos.oem4 (.text:HwiP_clearInterrupt)
                  2000efde    0000000e                     : HwiPCC32XX_nortos.oem4 (.text:HwiP_disable)
                  2000efec    0000000e                     : HwiPCC32XX_nortos.oem4 (.text:HwiP_enable)
                  2000effa    0000000e     rtsv7M4_T_le_eabi.lib : copy_decompress_none.c.obj (.text:decompress:none:__TI_decompress_none)
                  2000f008    0000000c     drivers_cc32xx.a : PowerCC32XX.oem4 (.text:Power_getConstraintMask)
                  2000f014    0000000c                      : TimerCC32XX.oem4 (.text:postNotifyFxn)
                  2000f020    0000000a     nortos_cc32xx.a : ClockPSysTick_nortos.oem4 (.text:ClockP_isActive)
                  2000f02a    0000000a     driverlib.a : interrupt.obj (.text:IntMasterDisable)
                  2000f034    0000000a     drivers_cc32xx.a : Timer.oem4 (.text:Timer_start)
                  2000f03e    00000008     rtsv7M4_T_le_eabi.lib : memory.c.obj (.text:malloc)
                  2000f046    00000006     drivers_cc32xx.a : TimerCC32XX.oem4 (.text:TimerCC32XX_control)
                  2000f04c    00000006     driverlib.a : utils.obj (.text:UtilsDelay)
                  2000f052    00000004     nortos_cc32xx.a : HwiPCC32XX_nortos.oem4 (.text:HwiP_post)
                  2000f056    00000004                     : SemaphoreP_nortos.oem4 (.text:SemaphoreP_delete)
                  2000f05a    00000004     rtsv7M4_T_le_eabi.lib : pre_init.c.obj (.text:_system_pre_init)
                  2000f05e    00000004                           : exit.c.obj (.text:abort:abort)

.const     0    2000f644    00000312     
                  2000f644    00000100     driverlib.a : pin.obj (.const:g_ulPinToPadMap)
                  2000f744    000000a8                 : prcm.obj (.const:PRCM_PeriphRegsList)
                  2000f7ec    00000044     ti_drivers_config.obj (.const:PowerCC32XX_config)
                  2000f830    00000021     drivers_cc32xx.a : GPIOCC32XX.oem4 (.const:.string:pinTable)
                  2000f851    00000003     --HOLE-- [fill = 0]
                  2000f854    00000020                      : TimerCC32XX.oem4 (.const:TimerCC32XX_fxnTable)
                  2000f874    00000020     ti_drivers_config.obj (.const:timerCC32XXHWAttrs)
                  2000f894    00000018     ti_drivers_config.obj (.const:Timer_config)
                  2000f8ac    00000018     driverlib.a : interrupt.obj (.const:g_pulEnRegs)
                  2000f8c4    00000018                 : interrupt.obj (.const:g_pulPendRegs)
                  2000f8dc    00000014     ti_drivers_config.obj (.const:GPIOCC32XX_config)
                  2000f8f0    00000014     drivers_cc32xx.a : GPIOCC32XX.oem4 (.const:gpioBaseAddresses)
                  2000f904    00000014                      : GPIOCC32XX.oem4 (.const:powerResources)
                  2000f918    0000000c     gpiointerrupt.obj (.const:.string)
                  2000f924    0000000c     drivers_cc32xx.a : Timer.oem4 (.const:defaultParams)
                  2000f930    00000008                      : GPIOCC32XX.oem4 (.const:outPinTypes)
                  2000f938    00000007     ti_drivers_config.obj (.const)
                  2000f93f    00000006     drivers_cc32xx.a : GPIOCC32XX.oem4 (.const:.string:interruptType)
                  2000f945    00000001     --HOLE-- [fill = 0]
                  2000f946    00000006                      : GPIOCC32XX.oem4 (.const:inPinTypes)
                  2000f94c    00000006                      : GPIOCC32XX.oem4 (.const:outPinStrengths)
                  2000f952    00000004                      : GPIOCC32XX.oem4 (.const:.string:portInterruptIds)

.cinit     0    2000fb50    00000100     
                  2000fb50    000000dc     (.cinit..data.load) [load image, compression = lzss]
                  2000fc2c    0000000c     (__TI_handler_table)
                  2000fc38    00000008     (.cinit..bss.load) [load image, compression = zero_init]
                  2000fc40    00000010     (__TI_cinit_table)

.init_array 
*          0    20004000    00000000     UNINITIALIZED

.ramVecs   0    20000000    0000030c     NOLOAD SECTION
                  20000000    0000030c     nortos_cc32xx.a : startup_cc32xx_ccs.oem4 (.ramVecs)

.stack     0    20003000    00001000     UNINITIALIZED
                  20003000    00000004     rtsv7M4_T_le_eabi.lib : boot_cortex_m.c.obj (.stack)
                  20003004    00000ffc     --HOLE--

.resetVecs 
*          0    20004000    00000040     
                  20004000    00000040     nortos_cc32xx.a : startup_cc32xx_ccs.oem4 (.resetVecs:retain)

.sysmem    0    20004040    00008000     UNINITIALIZED
                  20004040    00000010     rtsv7M4_T_le_eabi.lib : memory.c.obj (.sysmem)
                  20004050    00007ff0     --HOLE--

.data      0    2000f064    000005de     UNINITIALIZED
                  2000f064    0000030c     nortos_cc32xx.a : HwiPCC32XX_nortos.oem4 (.data:HwiP_dispatchTable)
                  2000f370    0000016c     drivers_cc32xx.a : PowerCC32XX.oem4 (.data:PowerCC32XX_module)
                  2000f4dc    000000f8     ti_drivers_config.obj (.data:parkInfo)
                  2000f5d4    00000010     ti_drivers_config.obj (.data:gpioCallbackFunctions)
                  2000f5e4    00000010     ti_drivers_config.obj (.data:gpioPinConfigs)
                  2000f5f4    00000010     gpiointerrupt.obj (.data)
                  2000f604    0000000c     gpiointerrupt.obj (.data:messages)
                  2000f610    00000009     drivers_cc32xx.a : GPIOCC32XX.oem4 (.data)
                  2000f619    00000003     nortos_cc32xx.a : SemaphoreP_nortos.oem4 (.data)
                  2000f61c    00000008     rtsv7M4_T_le_eabi.lib : _lock.c.obj (.data:$O1$$)
                  2000f624    00000008                           : memory.c.obj (.data:$O1$$)
                  2000f62c    00000008     nortos_cc32xx.a : SemaphoreP_nortos.oem4 (.data:SemaphoreP_defaultParams)
                  2000f634    00000008                     : HwiPCC32XX_nortos.oem4 (.data)
                  2000f63c    00000005                     : ClockPSysTick_nortos.oem4 (.data)
                  2000f641    00000001     drivers_cc32xx.a : Timer.oem4 (.data)

.bss       0    2000f958    000001f4     UNINITIALIZED
                  2000f958    0000012c     (.common:PowerCC32XX_contextSave)
                  2000fa84    00000068     (.common:timerCC32XXObjects)
                  2000faec    00000020     drivers_cc32xx.a : GPIOCC32XX.oem4 (.bss:gpioCallbackInfo)
                  2000fb0c    00000014                      : GPIOCC32XX.oem4 (.bss:powerNotifyObj)
                  2000fb20    00000010     (.common:ClockP_ctrl)
                  2000fb30    0000000d     nortos_cc32xx.a : SwiP_nortos.oem4 (.bss)
                  2000fb3d    00000003     --HOLE--
                  2000fb40    00000004     drivers_cc32xx.a : GPIOCC32XX.oem4 (.bss)
                  2000fb44    00000004     nortos_cc32xx.a : ClockPSysTick_nortos.oem4 (.bss)
                  2000fb48    00000004     drivers_cc32xx.a : TimerCC32XX.oem4 (.bss:timerState)

.log_data 
*          0    90000000    00000000     COPY SECTION

__llvm_prf_cnts 
*          0    20004000    00000000     UNINITIALIZED

MODULE SUMMARY

       Module                       code    ro data   rw data
       ------                       ----    -------   -------
    .\
       gpiointerrupt.obj            1432    12        28     
       main_nortos.obj              18      0         0      
    +--+----------------------------+-------+---------+---------+
       Total:                       1450    12        28     
                                                             
    .\syscfg\
       ti_drivers_config.obj        18      151       384    
    +--+----------------------------+-------+---------+---------+
       Total:                       18      151       384    
                                                             
    C:/ti/simplelink_cc32xx_sdk_4_30_00_06/kernel/nortos/lib/ccs/m4/nortos_cc32xx.a
       HwiPCC32XX_nortos.oem4       366     0         788    
       startup_cc32xx_ccs.oem4      90      64        780    
       ClockPSysTick_nortos.oem4    582     0         25     
       PowerCC32XX_nortos.oem4      472     0         0      
       SemaphoreP_nortos.oem4       378     0         11     
       SwiP_nortos.oem4             96      0         13     
    +--+----------------------------+-------+---------+---------+
       Total:                       1984    64        1617   
                                                             
    C:/ti/simplelink_cc32xx_sdk_4_30_00_06/source/ti/devices/cc32xx/driverlib/ccs/Release/driverlib.a
       prcm.obj                     1604    168       0      
       pin.obj                      280     256       0      
       interrupt.obj                334     48        0      
       timer.obj                    264     0         0      
       flash.obj                    72      0         0      
       cpu.obj                      20      0         0      
       utils.obj                    6       0         0      
    +--+----------------------------+-------+---------+---------+
       Total:                       2580    472       0      
                                                             
    C:/ti/simplelink_cc32xx_sdk_4_30_00_06/source/ti/drivers/lib/ccs/m4/drivers_cc32xx.a
       PowerCC32XX.oem4             2300    0         664    
       GPIOCC32XX.oem4              1208    103       65     
       TimerCC32XX.oem4             1132    32        4      
       Timer.oem4                   158     12        1      
       PowerCC32XX_asm.oem4         150     0         0      
       List.oem4                    76      0         0      
    +--+----------------------------+-------+---------+---------+
       Total:                       5024    147       734    
                                                             
    C:\ti\ccs1220\ccs\tools\compiler\ti-cgt-arm_20.2.7.LTS\lib\rtsv7M4_T_le_eabi.lib
       memory.c.obj                 672     0         8      
       memcpy_t2.asm.obj            156     0         0      
       ull_div_t2.asm.obj           150     0         0      
       copy_decompress_lzss.c.obj   104     0         0      
       autoinit.c.obj               68      0         0      
       boot_cortex_m.c.obj          36      0         0      
       copy_zero_init.c.obj         28      0         0      
       ll_mul_t2.asm.obj            24      0         0      
       copy_decompress_none.c.obj   14      0         0      
       _lock.c.obj                  2       0         8      
       exit.c.obj                   4       0         0      
       pre_init.c.obj               4       0         0      
       div0.asm.obj                 2       0         0      
    +--+----------------------------+-------+---------+---------+
       Total:                       1264    0         16     
                                                             
       Heap:                        0       0         32768  
       Stack:                       0       0         4096   
       Linker Generated:            0       256       0      
    +--+----------------------------+-------+---------+---------+
       Grand Total:                 12320   1102      39643  


LINKER GENERATED COPY TABLES

__TI_cinit_table @ 2000fc40 records: 2, size/record: 8, table size: 16
	.data: load addr=2000fb50, load size=000000dc bytes, run addr=2000f064, run size=000005de bytes, compression=lzss
	.bss: load addr=2000fc38, load size=00000008 bytes, run addr=2000f958, run size=000001f4 bytes, compression=zero_init


LINKER GENERATED HANDLER TABLE

__TI_handler_table @ 2000fc2c records: 3, size/record: 4, table size: 12
	index: 0, handler: __TI_decompress_lzss
	index: 1, handler: __TI_decompress_none
	index: 2, handler: __TI_zero_init


GLOBAL SYMBOLS: SORTED ALPHABETICALLY BY Name 

address   name                             
-------   ----                             
2000ef2f  Board_init                       
2000cb17  Board_initHook                   
2000f05f  C$$EXIT                          
2000f938  CONFIG_GPIO_BUTTON_0_CONST       
2000f939  CONFIG_GPIO_BUTTON_1_CONST       
2000f93a  CONFIG_GPIO_LED_0_CONST          
2000f93b  CONFIG_GPIO_LED_1_CONST          
2000f93c  CONFIG_TIMER_0_CONST             
2000f93d  CONFIG_TIMER_1_CONST             
2000ee6f  CPUcpsid                         
2000ef3f  ClockP_add                       
2000fb20  ClockP_ctrl                      
2000e631  ClockP_destruct                  
2000e049  ClockP_doTick                    
2000ef51  ClockP_getCpuFreq                
2000ef61  ClockP_getSystemTicks            
2000e8dd  ClockP_getTicksUntilInterrupt    
2000f021  ClockP_isActive                  
2000ef71  ClockP_setTicks                  
2000e9e1  ClockP_start                     
2000e911  ClockP_startup                   
2000e3d5  ClockP_stop                      
2000e049  ClockP_sysTickHandler            
2000f63c  ClockP_tickPeriod                
2000e26d  FlashDisable                     
2000f8dc  GPIOCC32XX_config                
2000e189  GPIO_enableInt                   
2000daa1  GPIO_hwiIntFxn                   
2000d0a5  GPIO_init                        
2000dd8d  GPIO_setCallback                 
2000c46d  GPIO_setConfig                   
2000de45  GPIO_write                       
2000eed5  HwiP_Params_init                 
2000efd1  HwiP_clearInterrupt              
2000d675  HwiP_construct                   
2000ea6d  HwiP_create                      
2000ef81  HwiP_delete                      
2000ec41  HwiP_destruct                    
2000efdf  HwiP_disable                     
2000ebb1  HwiP_dispatch                    
2000efed  HwiP_enable                      
2000ee85  HwiP_inISR                       
2000f634  HwiP_key                         
2000f053  HwiP_post                        
2000ef91  HwiP_restore                     
2000f638  HwiP_swiPIntNum                  
UNDEFED   ITM_flush                        
UNDEFED   ITM_restore                      
2000d229  IntEnable                        
2000f02b  IntMasterDisable                 
2000d701  IntPendSet                       
2000ee99  IntVTableBaseSet                 
2000eb65  List_put                         
2000eb8b  List_remove                      
2000efed  NoRTOS_start                     
2000c041  PRCMCC3200MCUInit                
2000ee2d  PRCMHIBRegRead                   
2000ee43  PRCMHIBRegWrite                  
2000e2b5  PRCMLPDSEnter                    
2000e71d  PRCMLPDSEnterKeepDebugIf         
2000e419  PRCMLPDSRestoreInfoSet           
2000eaed  PRCMPeripheralClkDisable         
2000e2fd  PRCMPeripheralClkEnable          
2000de9d  PRCMPeripheralReset              
2000dccd  PRCMSysResetCauseGet             
2000d789  PinConfigSet                     
2000e945  PinModeGet                       
2000e5b1  PinModeSet                       
2000ecdd  PinToPadGet                      
2000f7ec  PowerCC32XX_config               
2000d2d1  PowerCC32XX_configureWakeup      
2000f958  PowerCC32XX_contextSave          
2000e45d  PowerCC32XX_enterLPDS            
2000d5e3  PowerCC32XX_initPolicy           
2000f370  PowerCC32XX_module               
2000e1d5  PowerCC32XX_parkPin              
2000ea11  PowerCC32XX_restoreParkedPin     
2000dfa3  PowerCC32XX_resumeLPDS           
2000dc69  PowerCC32XX_setParkState         
2000c651  PowerCC32XX_sleepPolicy          
2000eead  Power_disablePolicy              
2000efa1  Power_enablePolicy               
2000f009  Power_getConstraintMask          
2000eec1  Power_getDependencyCount         
2000ed85  Power_getTransitionLatency       
2000ed9d  Power_idleFunc                   
2000d899  Power_init                       
2000eb15  Power_registerNotify             
2000e345  Power_releaseConstraint          
2000def5  Power_releaseDependency          
2000e66d  Power_setConstraint              
2000d9a1  Power_setDependency              
2000cc61  Power_sleep                      
2000ec61  Power_unregisterNotify           
2000efb1  SemaphoreP_Params_init           
2000e099  SemaphoreP_construct             
2000ee59  SemaphoreP_create                
2000ed4d  SemaphoreP_createBinary          
2000f62c  SemaphoreP_defaultParams         
2000f057  SemaphoreP_delete                
2000d379  SemaphoreP_pend                  
2000e4a1  SemaphoreP_post                  
2000ecf9  SwiP_disable                     
2000e4e5  SwiP_restore                     
2000e0e9  TimerCC32XX_allocateTimerResource
2000e6a9  TimerCC32XX_close                
2000f047  TimerCC32XX_control              
2000e979  TimerCC32XX_freeTimerResource    
2000f854  TimerCC32XX_fxnTable             
2000edb5  TimerCC32XX_getCount             
2000e047  TimerCC32XX_init                 
2000cd99  TimerCC32XX_open                 
2000d811  TimerCC32XX_setPeriod            
2000db19  TimerCC32XX_start                
2000df4d  TimerCC32XX_stop                 
2000e8a5  TimerControlStall                
2000ec81  TimerDisable                     
2000ec9f  TimerEnable                      
2000f5f4  TimerFlag                        
2000eee7  TimerIntClear                    
2000edcd  TimerIntDisable                  
2000ede5  TimerIntEnable                   
2000ea97  TimerLoadSet                     
2000eac1  TimerPrescaleSet                 
2000efc1  Timer_Params_init                
2000f894  Timer_config                     
2000f93e  Timer_count                      
2000e529  Timer_init                       
2000e5f1  Timer_open                       
2000f035  Timer_start                      
2000f04d  UtilsDelay                       
20004000  __STACK_END                      
00001000  __STACK_SIZE                     
00008000  __SYSMEM_SIZE                    
2000fc40  __TI_CINIT_Base                  
2000fc50  __TI_CINIT_Limit                 
2000fc2c  __TI_Handler_Table_Base          
2000fc38  __TI_Handler_Table_Limit         
2000e56d  __TI_auto_init_nobinit_nopinit   
2000dc01  __TI_decompress_lzss             
2000effb  __TI_decompress_none             
ffffffff  __TI_pprof_out_hndl              
ffffffff  __TI_prof_data_size              
ffffffff  __TI_prof_data_start             
2000fb50  __TI_static_base__               
2000ed15  __TI_zero_init_nomemset          
2000ee83  __aeabi_idiv0                    
2000ee83  __aeabi_ldiv0                    
2000edfd  __aeabi_lmul                     
2000d419  __aeabi_memcpy                   
2000d419  __aeabi_memcpy4                  
2000d419  __aeabi_memcpy8                  
2000d54d  __aeabi_uldivmod                 
ffffffff  __binit__                        
ffffffff  __c_args__                       
UNDEFED   __mpu_init                       
20003000  __stack                          
20004000  __start___llvm_prf_cnts          
20004000  __stop___llvm_prf_cnts           
2000ebd5  _c_int00_noargs                  
2000f61c  _lock                            
2000e3d3  _nop                             
20004040  _sys_memory                      
UNDEFED   _system_post_cinit               
2000f05b  _system_pre_init                 
2000f620  _unlock                          
2000f05f  abort                            
2000cec1  aligned_alloc                    
ffffffff  binit                            
2000f5f8  button_pressed                   
2000f5fc  character_index                  
2000eef9  character_pause                  
2000eaeb  clkFxn                           
2000dd2d  configure_board                  
2000cfc1  free                             
2000c989  get_morse                        
2000ea41  gpioButtonFxn0                   
2000e7c5  gpioButtonFxn1                   
2000f5d4  gpioCallbackFunctions            
2000f5e4  gpioPinConfigs                   
2000f946  inPinTypes                       
2000e139  initTimer                        
2000e7fd  initVectors                      
2000ef0b  main                             
2000da21  mainThread                       
2000f03f  malloc                           
2000cec1  memalign                         
2000d419  memcpy                           
2000f5f6  message_ended                    
2000f5fa  message_index                    
2000f604  messages                         
2000f5f9  next_message_index               
2000ebf9  normalize_message_index          
2000f602  num_messages                     
2000f94c  outPinStrengths                  
2000f930  outPinTypes                      
2000f4dc  parkInfo                         
2000f600  phase                            
2000ed69  resetISR                         
2000ed7c  resetVectorAddr                  
20004000  resetVectors                     
2000e86d  set_leds                         
2000ecbd  signal_dash                      
2000ec1d  signal_dot                       
2000c7ed  signal_message                   
2000f5fe  symbol_index                     
2000f874  timerCC32XXHWAttrs               
2000fa84  timerCC32XXObjects               
2000ee15  timerCallback                    
2000ef1d  word_pause                       


GLOBAL SYMBOLS: SORTED BY Symbol Address 

address   name                             
-------   ----                             
00001000  __STACK_SIZE                     
00008000  __SYSMEM_SIZE                    
20003000  __stack                          
20004000  __STACK_END                      
20004000  __start___llvm_prf_cnts          
20004000  __stop___llvm_prf_cnts           
20004000  resetVectors                     
20004040  _sys_memory                      
2000c041  PRCMCC3200MCUInit                
2000c46d  GPIO_setConfig                   
2000c651  PowerCC32XX_sleepPolicy          
2000c7ed  signal_message                   
2000c989  get_morse                        
2000cb17  Board_initHook                   
2000cc61  Power_sleep                      
2000cd99  TimerCC32XX_open                 
2000cec1  aligned_alloc                    
2000cec1  memalign                         
2000cfc1  free                             
2000d0a5  GPIO_init                        
2000d229  IntEnable                        
2000d2d1  PowerCC32XX_configureWakeup      
2000d379  SemaphoreP_pend                  
2000d419  __aeabi_memcpy                   
2000d419  __aeabi_memcpy4                  
2000d419  __aeabi_memcpy8                  
2000d419  memcpy                           
2000d54d  __aeabi_uldivmod                 
2000d5e3  PowerCC32XX_initPolicy           
2000d675  HwiP_construct                   
2000d701  IntPendSet                       
2000d789  PinConfigSet                     
2000d811  TimerCC32XX_setPeriod            
2000d899  Power_init                       
2000d9a1  Power_setDependency              
2000da21  mainThread                       
2000daa1  GPIO_hwiIntFxn                   
2000db19  TimerCC32XX_start                
2000dc01  __TI_decompress_lzss             
2000dc69  PowerCC32XX_setParkState         
2000dccd  PRCMSysResetCauseGet             
2000dd2d  configure_board                  
2000dd8d  GPIO_setCallback                 
2000de45  GPIO_write                       
2000de9d  PRCMPeripheralReset              
2000def5  Power_releaseDependency          
2000df4d  TimerCC32XX_stop                 
2000dfa3  PowerCC32XX_resumeLPDS           
2000e047  TimerCC32XX_init                 
2000e049  ClockP_doTick                    
2000e049  ClockP_sysTickHandler            
2000e099  SemaphoreP_construct             
2000e0e9  TimerCC32XX_allocateTimerResource
2000e139  initTimer                        
2000e189  GPIO_enableInt                   
2000e1d5  PowerCC32XX_parkPin              
2000e26d  FlashDisable                     
2000e2b5  PRCMLPDSEnter                    
2000e2fd  PRCMPeripheralClkEnable          
2000e345  Power_releaseConstraint          
2000e3d3  _nop                             
2000e3d5  ClockP_stop                      
2000e419  PRCMLPDSRestoreInfoSet           
2000e45d  PowerCC32XX_enterLPDS            
2000e4a1  SemaphoreP_post                  
2000e4e5  SwiP_restore                     
2000e529  Timer_init                       
2000e56d  __TI_auto_init_nobinit_nopinit   
2000e5b1  PinModeSet                       
2000e5f1  Timer_open                       
2000e631  ClockP_destruct                  
2000e66d  Power_setConstraint              
2000e6a9  TimerCC32XX_close                
2000e71d  PRCMLPDSEnterKeepDebugIf         
2000e7c5  gpioButtonFxn1                   
2000e7fd  initVectors                      
2000e86d  set_leds                         
2000e8a5  TimerControlStall                
2000e8dd  ClockP_getTicksUntilInterrupt    
2000e911  ClockP_startup                   
2000e945  PinModeGet                       
2000e979  TimerCC32XX_freeTimerResource    
2000e9e1  ClockP_start                     
2000ea11  PowerCC32XX_restoreParkedPin     
2000ea41  gpioButtonFxn0                   
2000ea6d  HwiP_create                      
2000ea97  TimerLoadSet                     
2000eac1  TimerPrescaleSet                 
2000eaeb  clkFxn                           
2000eaed  PRCMPeripheralClkDisable         
2000eb15  Power_registerNotify             
2000eb65  List_put                         
2000eb8b  List_remove                      
2000ebb1  HwiP_dispatch                    
2000ebd5  _c_int00_noargs                  
2000ebf9  normalize_message_index          
2000ec1d  signal_dot                       
2000ec41  HwiP_destruct                    
2000ec61  Power_unregisterNotify           
2000ec81  TimerDisable                     
2000ec9f  TimerEnable                      
2000ecbd  signal_dash                      
2000ecdd  PinToPadGet                      
2000ecf9  SwiP_disable                     
2000ed15  __TI_zero_init_nomemset          
2000ed4d  SemaphoreP_createBinary          
2000ed69  resetISR                         
2000ed7c  resetVectorAddr                  
2000ed85  Power_getTransitionLatency       
2000ed9d  Power_idleFunc                   
2000edb5  TimerCC32XX_getCount             
2000edcd  TimerIntDisable                  
2000ede5  TimerIntEnable                   
2000edfd  __aeabi_lmul                     
2000ee15  timerCallback                    
2000ee2d  PRCMHIBRegRead                   
2000ee43  PRCMHIBRegWrite                  
2000ee59  SemaphoreP_create                
2000ee6f  CPUcpsid                         
2000ee83  __aeabi_idiv0                    
2000ee83  __aeabi_ldiv0                    
2000ee85  HwiP_inISR                       
2000ee99  IntVTableBaseSet                 
2000eead  Power_disablePolicy              
2000eec1  Power_getDependencyCount         
2000eed5  HwiP_Params_init                 
2000eee7  TimerIntClear                    
2000eef9  character_pause                  
2000ef0b  main                             
2000ef1d  word_pause                       
2000ef2f  Board_init                       
2000ef3f  ClockP_add                       
2000ef51  ClockP_getCpuFreq                
2000ef61  ClockP_getSystemTicks            
2000ef71  ClockP_setTicks                  
2000ef81  HwiP_delete                      
2000ef91  HwiP_restore                     
2000efa1  Power_enablePolicy               
2000efb1  SemaphoreP_Params_init           
2000efc1  Timer_Params_init                
2000efd1  HwiP_clearInterrupt              
2000efdf  HwiP_disable                     
2000efed  HwiP_enable                      
2000efed  NoRTOS_start                     
2000effb  __TI_decompress_none             
2000f009  Power_getConstraintMask          
2000f021  ClockP_isActive                  
2000f02b  IntMasterDisable                 
2000f035  Timer_start                      
2000f03f  malloc                           
2000f047  TimerCC32XX_control              
2000f04d  UtilsDelay                       
2000f053  HwiP_post                        
2000f057  SemaphoreP_delete                
2000f05b  _system_pre_init                 
2000f05f  C$$EXIT                          
2000f05f  abort                            
2000f370  PowerCC32XX_module               
2000f4dc  parkInfo                         
2000f5d4  gpioCallbackFunctions            
2000f5e4  gpioPinConfigs                   
2000f5f4  TimerFlag                        
2000f5f6  message_ended                    
2000f5f8  button_pressed                   
2000f5f9  next_message_index               
2000f5fa  message_index                    
2000f5fc  character_index                  
2000f5fe  symbol_index                     
2000f600  phase                            
2000f602  num_messages                     
2000f604  messages                         
2000f61c  _lock                            
2000f620  _unlock                          
2000f62c  SemaphoreP_defaultParams         
2000f634  HwiP_key                         
2000f638  HwiP_swiPIntNum                  
2000f63c  ClockP_tickPeriod                
2000f7ec  PowerCC32XX_config               
2000f854  TimerCC32XX_fxnTable             
2000f874  timerCC32XXHWAttrs               
2000f894  Timer_config                     
2000f8dc  GPIOCC32XX_config                
2000f930  outPinTypes                      
2000f938  CONFIG_GPIO_BUTTON_0_CONST       
2000f939  CONFIG_GPIO_BUTTON_1_CONST       
2000f93a  CONFIG_GPIO_LED_0_CONST          
2000f93b  CONFIG_GPIO_LED_1_CONST          
2000f93c  CONFIG_TIMER_0_CONST             
2000f93d  CONFIG_TIMER_1_CONST             
2000f93e  Timer_count                      
2000f946  inPinTypes                       
2000f94c  outPinStrengths                  
2000f958  PowerCC32XX_contextSave          
2000fa84  timerCC32XXObjects               
2000fb20  ClockP_ctrl                      
2000fb50  __TI_static_base__               
2000fc2c  __TI_Handler_Table_Base          
2000fc38  __TI_Handler_Table_Limit         
2000fc40  __TI_CINIT_Base                  
2000fc50  __TI_CINIT_Limit                 
ffffffff  __TI_pprof_out_hndl              
ffffffff  __TI_prof_data_size              
ffffffff  __TI_prof_data_start             
ffffffff  __binit__                        
ffffffff  __c_args__                       
ffffffff  binit                            
UNDEFED   ITM_flush                        
UNDEFED   ITM_restore                      
UNDEFED   __mpu_init                       
UNDEFED   _system_post_cinit               

[210 symbols]
